// Jest Snapshot v1, https://goo.gl/fbAQLP

exports[`copies placeholder element attributes to <svg> tag 1`] = `"<i data-ficons=\\"icon1\\" id=\\"test\\" class=\\"foo bar\\" stroke-width=\\"1\\"></i>"`;

exports[`copies placeholder element attributes to <svg> tag 2`] = `"<svg xmlns=\\"http://www.w3.org/2000/svg\\" class=\\"ficon ficon-icon1 foo bar\\" id=\\"test\\" stroke-width=\\"1\\"><line x1=\\"23\\" y1=\\"1\\" x2=\\"1\\" y2=\\"23\\"></line><line x1=\\"1\\" y1=\\"1\\" x2=\\"23\\" y2=\\"23\\"></line></svg>"`;

exports[`replaces [data-ficons] elements with SVG markup 1`] = `"<i data-ficons=\\"icon1\\"></i><span data-ficons=\\"icon2\\"></span>"`;

exports[`replaces [data-ficons] elements with SVG markup 2`] = `"<svg xmlns=\\"http://www.w3.org/2000/svg\\" class=\\"ficon ficon-icon1\\"><line x1=\\"23\\" y1=\\"1\\" x2=\\"1\\" y2=\\"23\\"></line><line x1=\\"1\\" y1=\\"1\\" x2=\\"23\\" y2=\\"23\\"></line></svg><svg xmlns=\\"http://www.w3.org/2000/svg\\" class=\\"ficon ficon-icon2\\"><circle cx=\\"12\\" cy=\\"12\\" r=\\"11\\"></circle></svg>"`;

exports[`sets attributes passed as parameters 1`] = `"<i data-ficons=\\"icon1\\" id=\\"test\\" class=\\"foo bar\\" stroke-width=\\"1\\"></i>"`;

exports[`sets attributes passed as parameters 2`] = `"<svg xmlns=\\"http://www.w3.org/2000/svg\\" class=\\"ficon ficon-icon1 foo bar hello\\" stroke-width=\\"1\\" color=\\"salmon\\" id=\\"test\\"><line x1=\\"23\\" y1=\\"1\\" x2=\\"1\\" y2=\\"23\\"></line><line x1=\\"1\\" y1=\\"1\\" x2=\\"23\\" y2=\\"23\\"></line></svg>"`;
