// Jest Snapshot v1, https://goo.gl/fbAQLP

exports[`builds object correctly 1`] = `
Object {
  "icon1": Object {
    "attrs": Object {
      "viewBox": "0 0 24 24",
    },
    "contents": "<line x1=\\"23\\" y1=\\"1\\" x2=\\"1\\" y2=\\"23\\"></line><line x1=\\"1\\" y1=\\"1\\" x2=\\"23\\" y2=\\"23\\"></line>",
  },
  "icon2": Object {
    "attrs": Object {
      "viewBox": "0 0 24 24",
    },
    "contents": "<circle cx=\\"12\\" cy=\\"12\\" r=\\"11\\"></circle>",
  },
}
`;
